// Jest Snapshot v1, https://goo.gl/fbAQLP

exports[`ColumnTotals renders without crashing 1`] = `
ShallowWrapper {
  "length": 1,
  Symbol(enzyme.__root__): [Circular],
  Symbol(enzyme.__unrendered__): <ColumnTotals
    columns={
        Object {
            "1": 0,
            "2": 0,
            "3": 0,
          }
    }
    diagonals={
        Array [
            0,
            0,
          ]
    }
    onIsCorrectTotal={[Function]}
/>,
  Symbol(enzyme.__renderer__): Object {
    "batchedUpdates": [Function],
    "getNode": [Function],
    "render": [Function],
    "simulateEvent": [Function],
    "unmount": [Function],
  },
  Symbol(enzyme.__node__): Object {
    "instance": null,
    "key": null,
    "nodeType": "class",
    "props": Object {
      "children": Array [
        <styled.div>
          <styled.span
                    isCorrectTotal={undefined}
          />
</styled.div>,
        Array [
          <styled.div
            className="total"
>
            <styled.span
                        isCorrectTotal={undefined}
            />
</styled.div>,
          <styled.div
            className="total"
>
            <styled.span
                        isCorrectTotal={undefined}
            />
</styled.div>,
          <styled.div
            className="total"
>
            <styled.span
                        isCorrectTotal={undefined}
            />
</styled.div>,
        ],
        <styled.div>
          <styled.span
                    isCorrectTotal={undefined}
          />
</styled.div>,
      ],
    },
    "ref": null,
    "rendered": Array [
      Object {
        "instance": null,
        "key": null,
        "nodeType": "class",
        "props": Object {
          "children": <styled.span
            isCorrectTotal={undefined}
/>,
        },
        "ref": null,
        "rendered": Object {
          "instance": null,
          "key": null,
          "nodeType": "class",
          "props": Object {
            "children": "",
            "isCorrectTotal": undefined,
          },
          "ref": null,
          "rendered": "",
          "type": [Function],
        },
        "type": [Function],
      },
      Object {
        "instance": null,
        "key": "1",
        "nodeType": "class",
        "props": Object {
          "children": <styled.span
            isCorrectTotal={undefined}
/>,
          "className": "total",
        },
        "ref": null,
        "rendered": Object {
          "instance": null,
          "key": null,
          "nodeType": "class",
          "props": Object {
            "children": "",
            "isCorrectTotal": undefined,
          },
          "ref": null,
          "rendered": "",
          "type": [Function],
        },
        "type": [Function],
      },
      Object {
        "instance": null,
        "key": "2",
        "nodeType": "class",
        "props": Object {
          "children": <styled.span
            isCorrectTotal={undefined}
/>,
          "className": "total",
        },
        "ref": null,
        "rendered": Object {
          "instance": null,
          "key": null,
          "nodeType": "class",
          "props": Object {
            "children": "",
            "isCorrectTotal": undefined,
          },
          "ref": null,
          "rendered": "",
          "type": [Function],
        },
        "type": [Function],
      },
      Object {
        "instance": null,
        "key": "3",
        "nodeType": "class",
        "props": Object {
          "children": <styled.span
            isCorrectTotal={undefined}
/>,
          "className": "total",
        },
        "ref": null,
        "rendered": Object {
          "instance": null,
          "key": null,
          "nodeType": "class",
          "props": Object {
            "children": "",
            "isCorrectTotal": undefined,
          },
          "ref": null,
          "rendered": "",
          "type": [Function],
        },
        "type": [Function],
      },
      Object {
        "instance": null,
        "key": null,
        "nodeType": "class",
        "props": Object {
          "children": <styled.span
            isCorrectTotal={undefined}
/>,
        },
        "ref": null,
        "rendered": Object {
          "instance": null,
          "key": null,
          "nodeType": "class",
          "props": Object {
            "children": "",
            "isCorrectTotal": undefined,
          },
          "ref": null,
          "rendered": "",
          "type": [Function],
        },
        "type": [Function],
      },
    ],
    "type": [Function],
  },
  Symbol(enzyme.__nodes__): Array [
    Object {
      "instance": null,
      "key": null,
      "nodeType": "class",
      "props": Object {
        "children": Array [
          <styled.div>
            <styled.span
                        isCorrectTotal={undefined}
            />
</styled.div>,
          Array [
            <styled.div
              className="total"
>
              <styled.span
                            isCorrectTotal={undefined}
              />
</styled.div>,
            <styled.div
              className="total"
>
              <styled.span
                            isCorrectTotal={undefined}
              />
</styled.div>,
            <styled.div
              className="total"
>
              <styled.span
                            isCorrectTotal={undefined}
              />
</styled.div>,
          ],
          <styled.div>
            <styled.span
                        isCorrectTotal={undefined}
            />
</styled.div>,
        ],
      },
      "ref": null,
      "rendered": Array [
        Object {
          "instance": null,
          "key": null,
          "nodeType": "class",
          "props": Object {
            "children": <styled.span
              isCorrectTotal={undefined}
/>,
          },
          "ref": null,
          "rendered": Object {
            "instance": null,
            "key": null,
            "nodeType": "class",
            "props": Object {
              "children": "",
              "isCorrectTotal": undefined,
            },
            "ref": null,
            "rendered": "",
            "type": [Function],
          },
          "type": [Function],
        },
        Object {
          "instance": null,
          "key": "1",
          "nodeType": "class",
          "props": Object {
            "children": <styled.span
              isCorrectTotal={undefined}
/>,
            "className": "total",
          },
          "ref": null,
          "rendered": Object {
            "instance": null,
            "key": null,
            "nodeType": "class",
            "props": Object {
              "children": "",
              "isCorrectTotal": undefined,
            },
            "ref": null,
            "rendered": "",
            "type": [Function],
          },
          "type": [Function],
        },
        Object {
          "instance": null,
          "key": "2",
          "nodeType": "class",
          "props": Object {
            "children": <styled.span
              isCorrectTotal={undefined}
/>,
            "className": "total",
          },
          "ref": null,
          "rendered": Object {
            "instance": null,
            "key": null,
            "nodeType": "class",
            "props": Object {
              "children": "",
              "isCorrectTotal": undefined,
            },
            "ref": null,
            "rendered": "",
            "type": [Function],
          },
          "type": [Function],
        },
        Object {
          "instance": null,
          "key": "3",
          "nodeType": "class",
          "props": Object {
            "children": <styled.span
              isCorrectTotal={undefined}
/>,
            "className": "total",
          },
          "ref": null,
          "rendered": Object {
            "instance": null,
            "key": null,
            "nodeType": "class",
            "props": Object {
              "children": "",
              "isCorrectTotal": undefined,
            },
            "ref": null,
            "rendered": "",
            "type": [Function],
          },
          "type": [Function],
        },
        Object {
          "instance": null,
          "key": null,
          "nodeType": "class",
          "props": Object {
            "children": <styled.span
              isCorrectTotal={undefined}
/>,
          },
          "ref": null,
          "rendered": Object {
            "instance": null,
            "key": null,
            "nodeType": "class",
            "props": Object {
              "children": "",
              "isCorrectTotal": undefined,
            },
            "ref": null,
            "rendered": "",
            "type": [Function],
          },
          "type": [Function],
        },
      ],
      "type": [Function],
    },
  ],
  Symbol(enzyme.__options__): Object {
    "adapter": ReactSixteenAdapter {
      "options": Object {
        "enableComponentDidUpdateOnSetState": true,
      },
    },
    "disableLifecycleMethods": true,
  },
}
`;
