// Jest Snapshot v1, https://goo.gl/fbAQLP

exports[`MagicSquares renders without crashing 1`] = `
ShallowWrapper {
  "length": 1,
  Symbol(enzyme.__root__): [Circular],
  Symbol(enzyme.__unrendered__): <MagicSquares />,
  Symbol(enzyme.__renderer__): Object {
    "batchedUpdates": [Function],
    "getNode": [Function],
    "render": [Function],
    "simulateEvent": [Function],
    "unmount": [Function],
  },
  Symbol(enzyme.__node__): Object {
    "instance": null,
    "key": null,
    "nodeType": "class",
    "props": Object {
      "children": Array [
        <Board
          activeElement={undefined}
          boardTotal={undefined}
          cells={undefined}
          gridSize={undefined}
          onUpdateGrid={undefined}
          totals={undefined}
/>,
        <Controls
          onClue={[Function]}
          onReset={[Function]}
          onSolve={[Function]}
/>,
      ],
    },
    "ref": null,
    "rendered": Array [
      Object {
        "instance": null,
        "key": null,
        "nodeType": "function",
        "props": Object {
          "activeElement": undefined,
          "boardTotal": undefined,
          "cells": undefined,
          "gridSize": undefined,
          "onUpdateGrid": undefined,
          "totals": undefined,
        },
        "ref": null,
        "rendered": null,
        "type": [Function],
      },
      Object {
        "instance": null,
        "key": null,
        "nodeType": "function",
        "props": Object {
          "onClue": [Function],
          "onReset": [Function],
          "onSolve": [Function],
        },
        "ref": null,
        "rendered": null,
        "type": [Function],
      },
    ],
    "type": [Function],
  },
  Symbol(enzyme.__nodes__): Array [
    Object {
      "instance": null,
      "key": null,
      "nodeType": "class",
      "props": Object {
        "children": Array [
          <Board
            activeElement={undefined}
            boardTotal={undefined}
            cells={undefined}
            gridSize={undefined}
            onUpdateGrid={undefined}
            totals={undefined}
/>,
          <Controls
            onClue={[Function]}
            onReset={[Function]}
            onSolve={[Function]}
/>,
        ],
      },
      "ref": null,
      "rendered": Array [
        Object {
          "instance": null,
          "key": null,
          "nodeType": "function",
          "props": Object {
            "activeElement": undefined,
            "boardTotal": undefined,
            "cells": undefined,
            "gridSize": undefined,
            "onUpdateGrid": undefined,
            "totals": undefined,
          },
          "ref": null,
          "rendered": null,
          "type": [Function],
        },
        Object {
          "instance": null,
          "key": null,
          "nodeType": "function",
          "props": Object {
            "onClue": [Function],
            "onReset": [Function],
            "onSolve": [Function],
          },
          "ref": null,
          "rendered": null,
          "type": [Function],
        },
      ],
      "type": [Function],
    },
  ],
  Symbol(enzyme.__options__): Object {
    "adapter": ReactSixteenAdapter {
      "options": Object {
        "enableComponentDidUpdateOnSetState": true,
      },
    },
    "disableLifecycleMethods": true,
  },
}
`;
